\BOOKMARK [1][-]{section.1}{\376\377\000C\000A\000N\000V\000A\000S\000:\000\040\000M\000o\000d\000e\000l\000o\000\040\000d\000e\000\040\000N\000e\000g\000\363\000c\000i\000o\000\040\000e\000\040\000E\000s\000t\000r\000a\000t\000\351\000g\000i\000a}{}% 1
\BOOKMARK [1][-]{section.2}{\376\377\000S\000W\000O\000T\000:\000\040\000A\000n\000\341\000l\000i\000s\000e\000\040\000E\000s\000t\000r\000a\000t\000\351\000g\000i\000c\000a}{}% 2
\BOOKMARK [2][-]{subsection.2.1}{\376\377\000R\000e\000c\000o\000m\000e\000n\000d\000a\000\347\000\365\000e\000s\000\040\000E\000s\000t\000r\000a\000t\000\351\000g\000i\000c\000a\000s}{section.2}% 3
\BOOKMARK [1][-]{section.3}{\376\377\000U\000X\000/\000U\000I\000:\000\040\000D\000e\000s\000i\000g\000n\000\040\000d\000e\000\040\000I\000n\000t\000e\000r\000f\000a\000c\000e\000\040\000e\000\040\000E\000x\000p\000e\000r\000i\000\352\000n\000c\000i\000a\000\040\000d\000o\000\040\000U\000s\000u\000\341\000r\000i\000o}{}% 4
\BOOKMARK [2][-]{subsection.3.1}{\376\377\000G\000u\000i\000a\000\040\000d\000e\000\040\000E\000s\000t\000i\000l\000o\000s}{section.3}% 5
\BOOKMARK [1][-]{section.4}{\376\377\000W\000e\000b\000s\000i\000t\000e\000:\000\040\000E\000s\000t\000r\000u\000t\000u\000r\000a\000\040\000e\000\040\000E\000s\000p\000e\000c\000i\000f\000i\000c\000a\000\347\000\365\000e\000s\000\040\000T\000\351\000c\000n\000i\000c\000a\000s\000\040\000W\000e\000b}{}% 6
\BOOKMARK [2][-]{subsection.4.1}{\376\377\000M\000a\000p\000a\000\040\000d\000o\000\040\000S\000i\000t\000e\000\040\000d\000a\000\040\000E\000q\000u\000i\000p\000e}{section.4}% 7
\BOOKMARK [2][-]{subsection.4.2}{\376\377\000C\000o\000n\000t\000e\000\372\000d\000o\000\040\000d\000a\000s\000\040\000P\000\341\000g\000i\000n\000a\000s}{section.4}% 8
\BOOKMARK [2][-]{subsection.4.3}{\376\377\000S\000c\000r\000e\000e\000n\000s\000h\000o\000t\000s\000\040\000d\000o\000\040\000W\000e\000b\000s\000i\000t\000e\000\040\000d\000a\000\040\000E\000q\000u\000i\000p\000e}{section.4}% 9
\BOOKMARK [2][-]{subsection.4.4}{\376\377\000E\000s\000p\000e\000c\000i\000f\000i\000c\000a\000\347\000\365\000e\000s\000\040\000T\000\351\000c\000n\000i\000c\000a\000s\000\040\000d\000o\000\040\000S\000i\000t\000e\000\040\000d\000a\000\040\000E\000q\000u\000i\000p\000e}{section.4}% 10
\BOOKMARK [1][-]{section.5}{\376\377\000D\000i\000a\000g\000r\000a\000m\000a\000s\000\040\000U\000M\000L\000:\000\040\000M\000o\000d\000e\000l\000a\000g\000e\000m\000\040\000V\000i\000s\000u\000a\000l\000\040\000d\000o\000\040\000S\000i\000s\000t\000e\000m\000a}{}% 11
\BOOKMARK [2][-]{subsection.5.1}{\376\377\000D\000i\000a\000g\000r\000a\000m\000a\000\040\000d\000e\000\040\000C\000a\000s\000o\000s\000\040\000d\000e\000\040\000U\000s\000o}{section.5}% 12
\BOOKMARK [2][-]{subsection.5.2}{\376\377\000D\000i\000a\000g\000r\000a\000m\000a\000\040\000d\000e\000\040\000C\000l\000a\000s\000s\000e\000s}{section.5}% 13
\BOOKMARK [2][-]{subsection.5.3}{\376\377\000D\000i\000a\000g\000r\000a\000m\000a\000\040\000d\000e\000\040\000S\000e\000q\000u\000\352\000n\000c\000i\000a}{section.5}% 14
\BOOKMARK [2][-]{subsection.5.4}{\376\377\000D\000i\000a\000g\000r\000a\000m\000a\000\040\000d\000e\000\040\000A\000t\000i\000v\000i\000d\000a\000d\000e\000s}{section.5}% 15
\BOOKMARK [2][-]{subsection.5.5}{\376\377\000D\000i\000a\000g\000r\000a\000m\000a\000\040\000d\000e\000\040\000C\000o\000m\000p\000o\000n\000e\000n\000t\000e\000s}{section.5}% 16
\BOOKMARK [2][-]{subsection.5.6}{\376\377\000D\000i\000a\000g\000r\000a\000m\000a\000\040\000d\000e\000\040\000I\000m\000p\000l\000a\000n\000t\000a\000\347\000\343\000o}{section.5}% 17
\BOOKMARK [2][-]{subsection.5.7}{\376\377\000D\000i\000a\000g\000r\000a\000m\000a\000\040\000d\000e\000\040\000E\000s\000t\000a\000d\000o\000s}{section.5}% 18
\BOOKMARK [1][-]{section.6}{\376\377\000D\000e\000v\000O\000p\000s\000:\000\040\000I\000n\000f\000r\000a\000e\000s\000t\000r\000u\000t\000u\000r\000a\000,\000\040\000A\000u\000t\000o\000m\000a\000\347\000\343\000o\000\040\000e\000\040\000E\000n\000t\000r\000e\000g\000a\000\040\000C\000o\000n\000t\000\355\000n\000u\000a}{}% 19
\BOOKMARK [2][-]{subsection.6.1}{\376\377\000P\000i\000p\000e\000l\000i\000n\000e\000\040\000C\000I\000/\000C\000D}{section.6}% 20
\BOOKMARK [2][-]{subsection.6.2}{\376\377\000C\000o\000n\000f\000i\000g\000u\000r\000a\000\347\000\343\000o\000\040\000C\000I\000/\000C\000D}{section.6}% 21
\BOOKMARK [2][-]{subsection.6.3}{\376\377\000I\000n\000f\000r\000a\000e\000s\000t\000r\000u\000t\000u\000r\000a\000\040\000c\000o\000m\000o\000\040\000C\000\363\000d\000i\000g\000o}{section.6}% 22
\BOOKMARK [2][-]{subsection.6.4}{\376\377\000I\000n\000f\000r\000a\000e\000s\000t\000r\000u\000t\000u\000r\000a\000\040\000d\000o\000\040\000S\000i\000s\000t\000e\000m\000a}{section.6}% 23
\BOOKMARK [3][-]{subsubsection.6.4.1}{\376\377\000A\000r\000q\000u\000i\000t\000e\000t\000u\000r\000a\000\040\000d\000e\000\040\000R\000e\000d\000e}{subsection.6.4}% 24
\BOOKMARK [3][-]{subsubsection.6.4.2}{\376\377\000D\000i\000a\000g\000r\000a\000m\000a\000\040\000d\000e\000\040\000I\000n\000f\000r\000a\000e\000s\000t\000r\000u\000t\000u\000r\000a}{subsection.6.4}% 25
\BOOKMARK [2][-]{subsection.6.5}{\376\377\000A\000r\000q\000u\000i\000t\000e\000t\000u\000r\000a\000\040\000d\000e\000\040\000D\000e\000p\000l\000o\000y}{section.6}% 26
\BOOKMARK [2][-]{subsection.6.6}{\376\377\000C\000o\000n\000f\000i\000g\000u\000r\000a\000\347\000\343\000o\000\040\000D\000o\000c\000k\000e\000r\000\040\000C\000o\000m\000p\000o\000s\000e\000\040\000\050\000D\000e\000s\000e\000n\000v\000o\000l\000v\000i\000m\000e\000n\000t\000o\000\051}{section.6}% 27
\BOOKMARK [2][-]{subsection.6.7}{\376\377\000M\000o\000n\000i\000t\000o\000r\000a\000m\000e\000n\000t\000o\000\040\000e\000\040\000A\000l\000e\000r\000t\000a\000s}{section.6}% 28
\BOOKMARK [2][-]{subsection.6.8}{\376\377\000M\000\351\000t\000r\000i\000c\000a\000s\000\040\000e\000\040\000S\000L\000A}{section.6}% 29
\BOOKMARK [1][-]{subsection.6.8}{\376\377\000R\000e\000f\000e\000r\000\352\000n\000c\000i\000a\000s}{}% 30
